--- 1. Logging in (Admin) ---
Login Successful.
Got Contract Type ID: 10 (عقد مبيع)
Got Record Book ID: 339

--- Testing Creation via /api/admin/registry-entries (Admin Route) ---
Adding guardian_id: 1 manually for Admin route
Status: 405
Body: {
    "message": "The POST method is not supported for route api/admin/registry-entries. Supported methods: GET, HEAD.",
    "exception": "Symfony\\Component\\HttpKernel\\Exception\\MethodNotAllowedHttpException",
    "file": "/home/u438006377/domains/darkturquoise-lark-306795.hostingersite.com/custom_filment/vendor/laravel/framework/src/Illuminate/Routing/AbstractRouteCollection.php",
    "line": 123,
    "trace": [
        {
            "file": "/home/u438006377/domains/darkturquoise-lark-306795.hostingersite.com/custom_filment/vendor/laravel/framework/src/Illuminate/Routing/AbstractRouteCollection.php",
            "line": 108,
            "function": "requestMethodNotAllowed",
            "class": "Illuminate\\Routing\\AbstractRouteCollection",
            "type": "->"
        },
        {
            "file": "/home/u438006377/domains/darkturquoise-lark-306795.hostingersite.com/custom_filment/vendor/laravel/framework/src/Illuminate/Routing/AbstractRouteCollection.php",
            "line": 42,
            "function": "getRouteForMethods",
            "class": "Illuminate\\Routing\\AbstractRouteCollection",
            "type": "->"
        },
        {
            "file": "/home/u438006377/domains/darkturquoise-lark-306795.hostingersite.com/custom_filment/vendor/laravel/framework/src/Illuminate/Routing/RouteCollection.php",
            "line": 184,
            "function": "handleMatchedRoute",
            "class": "Illuminate\\Routing\\AbstractRouteCollection",
            "type": "->"
        },
        {
            "file": "/home/u438006377/domains/darkturquoise-lark-306795.hostingersite.com/custom_filment/vendor/laravel/framework/src/Illuminate/Routing/Router.php",
            "line": 777,
            "function": "match",
            "class": "Illuminate\\Routing\\RouteCollection",
            "type": "->"
        },
        {
            "file": "/home/u438006377/domains/darkturquoise-lark-306795.hostingersite.com/custom_filment/vendor/laravel/framework/src/Illuminate/Routing/Router.php",
            "line": 764,
            "function": "findRoute",
            "class": "Illuminate\\Routing\\Router",
            "type": "->"
        },
        {
            "file": "/home/u438006377/domains/darkturquoise-lark-306795.hostingersite.com/custom_filment/vendor/laravel/framework/src/Illuminate/Routing/Router.php",
            "line": 753,
            "function": "dispatchToRoute",
            "class": "Illuminate\\Routing\\Router",
            "type": "->"
        },
        {
            "file": "/home/u438006377/domains/darkturquoise-lark-306795.hostingersite.com/custom_filment/vendor/laravel/framework/src/Illuminate/Foundation/Http/Kernel.php",
            "line": 200,
            "function": "dispatch",
            "class": "Illuminate\\Routing\\Router",
            "type": "->"
        },
        {
            "file": "/home/u438006377/domains/darkturquoise-lark-306795.hostingersite.com/custom_filment/vendor/laravel/framework/src/Illuminate/Pipeline/Pipeline.php",
            "line": 180,
            "function": "Illuminate\\Foundation\\Http\\{closure}",
            "class": "Illuminate\\Foundation\\Http\\Kernel",
            "type": "->"
        },
        {
            "file": "/home/u438006377/domains/darkturquoise-lark-306795.hostingersite.com/custom_filment/vendor/livewire/livewire/src/Features/SupportDisablingBackButtonCache/DisableBackButtonCacheMiddleware.php",
            "line": 19,
            "function": "Illuminate\\Pipeline\\{closure}",
            "class": "Illuminate\\Pipeline\\Pipeline",
            "type": "->"
        },
        {
            "file": "/home/u438006377/domains/darkturquoise-lark-306795.hostingersite.com/custom_filment/vendor/laravel/framework/src/Illuminate/Pipeline/Pipeline.php",
            "line": 219,
            "function": "handle",
            "class": "Livewire\\Features\\SupportDisablingBackButtonCache\\DisableBackButtonCacheMiddleware",
            "type": "->"
        },
        {
            "file": "/home/u438006377/domains/darkturquoise-lark-306795.hostingersite.com/custom_filment/vendor/laravel/framework/src/Illuminate/Foundation/Http/Middleware/TransformsRequest.php",
            "line": 21,
            "function": "Illuminate\\Pipeline\\{closure}",
            "class": "Illuminate\\Pipeline\\Pipeline",
            "type": "->"
        },
        {
            "file": "/home/u438006377/domains/darkturquoise-lark-306795.hostingersite.com/custom_filment/vendor/laravel/framework/src/Illuminate/Foundation/Http/Middleware/ConvertEmptyStringsToNull.php",
            "line": 31,
            "function": "handle",
            "class": "Illuminate\\Foundation\\Http\\Middleware\\TransformsRequest",
            "type": "->"
        },
        {
            "file": "/home/u438006377/domains/darkturquoise-lark-306795.hostingersite.com/custom_filment/vendor/laravel/framework/src/Illuminate/Pipeline/Pipeline.php",
            "line": 219,
            "function": "handle",
            "class": "Illuminate\\Foundation\\Http\\Middleware\\ConvertEmptyStringsToNull",
            "type": "->"
        },
        {
            "file": "/home/u438006377/domains/darkturquoise-lark-306795.hostingersite.com/custom_filment/vendor/laravel/framework/src/Illuminate/Foundation/Http/Middleware/TransformsRequest.php",
            "line": 21,
            "function": "Illuminate\\Pipeline\\{closure}",
            "class": "Illuminate\\Pipeline\\Pipeline",
            "type": "->"
        },
        {
            "file": "/home/u438006377/domains/darkturquoise-lark-306795.hostingersite.com/custom_filment/vendor/laravel/framework/src/Illuminate/Foundation/Http/Middleware/TrimStrings.php",
            "line": 51,
            "function": "handle",
            "class": "Illuminate\\Foundation\\Http\\Middleware\\TransformsRequest",
            "type": "->"
        },
        {
            "file": "/home/u438006377/domains/darkturquoise-lark-306795.hostingersite.com/custom_filment/vendor/laravel/framework/src/Illuminate/Pipeline/Pipeline.php",
            "line": 219,
            "function": "handle",
            "class": "Illuminate\\Foundation\\Http\\Middleware\\TrimStrings",
            "type": "->"
        },
        {
            "file": "/home/u438006377/domains/darkturquoise-lark-306795.hostingersite.com/custom_filment/vendor/laravel/framework/src/Illuminate/Http/Middleware/ValidatePostSize.php",
            "line": 27,
            "function": "Illuminate\\Pipeline\\{closure}",
            "class": "Illuminate\\Pipeline\\Pipeline",
            "type": "->"
        },
        {
            "file": "/home/u438006377/domains/darkturquoise-lark-306795.hostingersite.com/custom_filment/vendor/laravel/framework/src/Illuminate/Pipeline/Pipeline.php",
            "line": 219,
            "function": "handle",
            "class": "Illuminate\\Http\\Middleware\\ValidatePostSize",
            "type": "->"
        },
        {
            "file": "/home/u438006377/domains/darkturquoise-lark-306795.hostingersite.com/custom_filment/vendor/laravel/framework/src/Illuminate/Foundation/Http/Middleware/PreventRequestsDuringMaintenance.php",
            "line": 109,
            "function": "Illuminate\\Pipeline\\{closure}",
            "class": "Illuminate\\Pipeline\\Pipeline",
            "type": "->"
        },
        {
            "file": "/home/u438006377/domains/darkturquoise-lark-306795.hostingersite.com/custom_filment/vendor/laravel/framework/src/Illuminate/Pipeline/Pipeline.php",
            "line": 219,
            "function": "handle",
            "class": "Illuminate\\Foundation\\Http\\Middleware\\PreventRequestsDuringMaintenance",
            "type": "->"
        },
        {
            "file": "/home/u438006377/domains/darkturquoise-lark-306795.hostingersite.com/custom_filment/vendor/laravel/framework/src/Illuminate/Http/Middleware/HandleCors.php",
            "line": 61,
            "function": "Illuminate\\Pipeline\\{closure}",
            "class": "Illuminate\\Pipeline\\Pipeline",
            "type": "->"
        },
        {
            "file": "/home/u438006377/domains/darkturquoise-lark-306795.hostingersite.com/custom_filment/vendor/laravel/framework/src/Illuminate/Pipeline/Pipeline.php",
            "line": 219,
            "function": "handle",
            "class": "Illuminate\\Http\\Middleware\\HandleCors",
            "type": "->"
        },
        {
            "file": "/home/u438006377/domains/darkturquoise-lark-306795.hostingersite.com/custom_filment/vendor/laravel/framework/src/Illuminate/Http/Middleware/TrustProxies.php",
            "line": 58,
            "function": "Illuminate\\Pipeline\\{closure}",
            "class": "Illuminate\\Pipeline\\Pipeline",
            "type": "->"
        },
        {
            "file": "/home/u438006377/domains/darkturquoise-lark-306795.hostingersite.com/custom_filment/vendor/laravel/framework/src/Illuminate/Pipeline/Pipeline.php",
            "line": 219,
            "function": "handle",
            "class": "Illuminate\\Http\\Middleware\\TrustProxies",
            "type": "->"
        },
        {
            "file": "/home/u438006377/domains/darkturquoise-lark-306795.hostingersite.com/custom_filment/vendor/laravel/framework/src/Illuminate/Foundation/Http/Middleware/InvokeDeferredCallbacks.php",
            "line": 22,
            "function": "Illuminate\\Pipeline\\{closure}",
            "class": "Illuminate\\Pipeline\\Pipeline",
            "type": "->"
        },
        {
            "file": "/home/u438006377/domains/darkturquoise-lark-306795.hostingersite.com/custom_filment/vendor/laravel/framework/src/Illuminate/Pipeline/Pipeline.php",
            "line": 219,
            "function": "handle",
            "class": "Illuminate\\Foundation\\Http\\Middleware\\InvokeDeferredCallbacks",
            "type": "->"
        },
        {
            "file": "/home/u438006377/domains/darkturquoise-lark-306795.hostingersite.com/custom_filment/vendor/laravel/framework/src/Illuminate/Http/Middleware/ValidatePathEncoding.php",
            "line": 26,
            "function": "Illuminate\\Pipeline\\{closure}",
            "class": "Illuminate\\Pipeline\\Pipeline",
            "type": "->"
        },
        {
            "file": "/home/u438006377/domains/darkturquoise-lark-306795.hostingersite.com/custom_filment/vendor/laravel/framework/src/Illuminate/Pipeline/Pipeline.php",
            "line": 219,
            "function": "handle",
            "class": "Illuminate\\Http\\Middleware\\ValidatePathEncoding",
            "type": "->"
        },
        {
            "file": "/home/u438006377/domains/darkturquoise-lark-306795.hostingersite.com/custom_filment/vendor/laravel/framework/src/Illuminate/Pipeline/Pipeline.php",
            "line": 137,
            "function": "Illuminate\\Pipeline\\{closure}",
            "class": "Illuminate\\Pipeline\\Pipeline",
            "type": "->"
        },
        {
            "file": "/home/u438006377/domains/darkturquoise-lark-306795.hostingersite.com/custom_filment/vendor/laravel/framework/src/Illuminate/Foundation/Http/Kernel.php",
            "line": 175,
            "function": "then",
            "class": "Illuminate\\Pipeline\\Pipeline",
            "type": "->"
        },
        {
            "file": "/home/u438006377/domains/darkturquoise-lark-306795.hostingersite.com/custom_filment/vendor/laravel/framework/src/Illuminate/Foundation/Http/Kernel.php",
            "line": 144,
            "function": "sendRequestThroughRouter",
            "class": "Illuminate\\Foundation\\Http\\Kernel",
            "type": "->"
        },
        {
            "file": "/home/u438006377/domains/darkturquoise-lark-306795.hostingersite.com/custom_filment/vendor/laravel/framework/src/Illuminate/Foundation/Application.php",
            "line": 1220,
            "function": "handle",
            "class": "Illuminate\\Foundation\\Http\\Kernel",
            "type": "->"
        },
        {
            "file": "/home/u438006377/domains/darkturquoise-lark-306795.hostingersite.com/custom_filment/public/index.php",
            "line": 20,
            "function": "handleRequest",
            "class": "Illuminate\\Foundation\\Application",
            "type": "->"
        }
    ]
}
